// Jest Snapshot v1, https://goo.gl/fbAQLP

exports[`Home page matches snapshot 1`] = `
<DocumentFragment>
  <div
    class="container"
  >
    <div
      class="container"
    >
      <section
        class="section"
      >
        <div
          class="contatiner has-text-centered"
        >
          <p
            class="title is-1"
          >
            Political Compass Test For Dummies
          </p>
          <p
            class="subtitle is-3"
          >
            Find out which quadrant you belong in
          </p>
        </div>
      </section>
      <section
        class="section"
      >
        <div
          class="container has-text-centered"
        >
          <div
            class="card mb-2"
          >
            <header
              class="card-header "
            >
              <p
                class="card-header-title is-centered"
              >
                Do you believe that everyone is equal?
              </p>
            </header>
            <div
              class="card-content"
            >
              <div
                class="content"
              >
                <div
                  class="buttons has-addons is-centered"
                >
                  <button
                    class="button is-selected is-danger"
                  >
                    No
                  </button>
                  <button
                    class="button "
                  >
                    Yes
                  </button>
                </div>
              </div>
            </div>
          </div>
          <div
            class="card mb-2"
          >
            <header
              class="card-header"
            >
              <p
                class="card-header-title is-centered"
              >
                Do you believe that the government should enforce it?
              </p>
            </header>
            <div
              class="card-content"
            >
              <div
                class="content"
              >
                <div
                  class="buttons has-addons is-centered"
                >
                  <button
                    class="button is-selected is-danger"
                  >
                    No
                  </button>
                  <button
                    class="button "
                  >
                    Yes
                  </button>
                </div>
              </div>
            </div>
          </div>
          <button
            class="button is-fullwidth"
          >
            Go
          </button>
        </div>
      </section>
    </div>
  </div>
</DocumentFragment>
`;
